# Duplicates
Aurora
AuroraStore-Mirror
aniyomi-omegalul
system_shell_2
tachiyomi-Manga-reader
TachiyomiSY
https://github.com/orgTestCodacy11KRepos110MB/repo-3344-Shizuku
https://github.com/bolucat/Archive
https://github.com/ebxcobbor/eb
https://github.com/BestToYou/ratel-core-master
https://github.com/wtf74520/suizuku
https://github.com/emtee40/SMTShell
https://github.com/vaimalaviya1233/SamsungMTShell
https://github.com/RikkaApps/Sui
https://github.com/emtee40/adbShell-Shizuku
https://github.com/lalakii/TAM
https://github.com/Xposed-Modules-Repo/mufanc.tools.applock

# Other forks
https://github.com/zacharee/ShizukuHack
https://github.com/zacharee/ShizukuHackApi

# Deprecated
https://github.com/zxy19/cjluFree

# No proper application for Shizuku
https://github.com/Tornaco/Thanox
https://github.com/strangerweather/rootless_ui_mods
https://github.com/MRepoApp/MRepo
https://github.com/SagerNet/SagerNet

# Unusable documentation
https://github.com/frap129/Machina
https://github.com/ecosed/EcosedKit
https://github.com/zacharee/OverlayManager
https://github.com/virjarRatel/ratel-core

# Demos/examples
https://github.com/Young-Lord/Multi-User-Applist-With-Shizuku

