# Duplicates / Detached forks with no changes
Aurora
AuroraStore-Mirror
AuroraStore4
Aurora-Store
aniyomi-omegalul
DSU-Sideloader-2
system_shell_2
tachiyomi-Manga-reader
TachiyomiSY
Tachiyomi
tachiyomi
tachiyomi-archived
tachiyomi-backup
https://github.com/sanwan1314/mfmh
https://github.com/Prasads13/lspatch_android
https://github.com/orgTestCodacy11KRepos110MB/repo-3344-Shizuku
https://github.com/bolucat/Archive
https://github.com/ebxcobbor/eb
https://github.com/BestToYou/ratel-core-master
https://github.com/wtf74520/suizuku
https://github.com/emtee40/SMTShell
https://github.com/vaimalaviya1233/SamsungMTShell
https://github.com/RikkaApps/Sui
https://github.com/emtee40/adbShell-Shizuku
https://github.com/lalakii/TAM
https://github.com/Xposed-Modules-Repo/mufanc.tools.applock
https://github.com/elonmasai7/AURORA_Store
https://github.com/justinrubek/android-reader
https://github.com/Hero-Over/TachiyomiSY-Fork
https://github.com/vaginessa/NPatch
https://github.com/Asilkan5807/potential-octo-system
https://github.com/23522046/Open-Source-Object-Validation
https://github.com/ThIsLinked/AuroraStoreCrxmson
https://github.com/Kapy2003/Kapy2003-aniyomi-fork
https://github.com/huajiworld/LSPatch-mod
https://github.com/Andrianusaan/Renata
https://github.com/nai559/Screen
https://github.com/Hero-Over/TachiyomiS
https://github.com/aloneftw2009/ALI-FAROOQI-
https://github.com/Kboxoxx/Andrr
https://github.com/LegendLHZ/AutojsEx
https://github.com/BenayaBertLaurent/Borrowing-this-for-future-app
https://github.com/Axyl-Back-from-the-Dead/BunnyManager
https://github.com/TeamConceptKR/LSPatch2
https://github.com/vaginessa/LogFox4L
https://github.com/Mate5000/NPatch-0.6.1
https://github.com/yangFenTuoZi/Runner
https://github.com/Chadisak/SD-Maid
https://github.com/Goodlad84/SUI-try
https://github.com/maskedeken/SagerNet
https://github.com/Harshshah6/ShizukuLegendaryStreamer
https://github.com/FelipeNinja25/Tachiyomi
https://github.com/maxregnerklos/astern
https://github.com/rgsngdha/Voyage
https://github.com/maxregnerklos/mrsideloader
https://github.com/cuong-tran/tachiyomiJ2K
https://github.com/maxregnerklos/test2app
https://github.com/10miaomiao/bili-down-out
https://github.com/Mobsama/ADBMultiApp
https://github.com/LegendLHZ/AutojsEx
https://github.com/krmilan14/react
https://github.com/ItosEO/XPlan-for-Color
https://github.com/ItosEO/XPlanForHyper
https://github.com/khang-atg-dev/hidden-app-atg
https://github.com/bigbabyboost/mewtachibackup
https://github.com/5ec1cff/my-scrcpy
https://github.com/Ashuyomi/Ashuyomi
https://github.com/w1s3one805/Sd-maid
https://github.com/w1s3one805/Sui-magisk
https://github.com/ImaginaryDesignation/TachiyomiH
https://github.com/maxregnerklos/newapp2
https://github.com/loyality7/FMD
https://github.com/mostafameesr1/NPatch
https://github.com/mostafameesr1/NPatch1
https://github.com/lingyanlearn/Shizuku1
https://github.com/Austinati/TxtNet-Browser-updated73trash
https://github.com/Austinati/TxtNet-Browser-night
https://github.com/awfixer-org/BunnyManager
https://github.com/iAtifSyed/Battery
https://github.com/Drustil/PentestApp-fixed
https://github.com/komikku-app/anikku
https://github.com/TheGamerKing561/pixel-volte-patch-2
https://github.com/awfixer-industries/app-store
https://github.com/morocoeltopo/appespejo
https://github.com/gmh5225/flutter_ecosed
https://github.com/ig4e/hayai
https://github.com/darkfireeee/kuukiyomi1.0
https://github.com/bigbabyboost/mewtachi
https://github.com/bigbabyboost/mewtachi2
https://github.com/bigbabyboost/shiori
https://github.com/stefa9nosa/CyanChanges-Sui
https://github.com/kevin930321/Mihon-Test
https://github.com/lalakii/android_airplane_mode
https://github.com/darkfireeee/tachiyomi2.0
https://github.com/emtee40/ShizukuHack
https://github.com/emtee40/ShizukuHackApi
https://github.com/Familyye/AIDE-Plus-AS
https://github.com/Familyye/AIDE-Plus-Private
https://github.com/SthrNilshaaa/AOD_Charging
https://github.com/hojat72elect/Android_KMP_Compilation
https://github.com/Reborn0Holly/BatteryStatsReset1.2.5
https://github.com/libea18/GGG
https://github.com/7723mod/NPatch
https://github.com/kevins-gitu/Sui-Fold6
https://github.com/Swayam7Garg/Task-manager-app
https://github.com/Mbilse/X-Shizuku
https://github.com/eden-ana/Zxcvcx-

# Already in list from other source
https://gitlab.com/fmd-foss/fmd-android

# Other forks
https://github.com/zacharee/ShizukuHack
https://github.com/zacharee/ShizukuHackApi
https://github.com/SelfMadeSystem/DiscordModManager
https://github.com/komikku-app/komikku
https://github.com/null2264/yokai
https://github.com/Felocord/Manager
https://github.com/lingyicute/StarryStore
https://github.com/AmanoTeam/Kahon
https://github.com/xaolanx/mewtachi

# Deprecated
https://github.com/zxy19/cjluFree
https://github.com/tachiyomiorg/tachiyomi
https://github.com/Felitendo/FeloStore
https://github.com/weixiansen574/Genshin-Lyre-midi-player2
https://github.com/MRepoApp/MRepo
https://github.com/Shua-github/phi_attacker

# No proper application for Shizuku
https://github.com/Tornaco/Thanox
https://github.com/strangerweather/rootless_ui_mods
https://github.com/SagerNet/SagerNet
https://github.com/Young-Lord/hideRecent
https://github.com/dudu-Dev0/SuperToolBox
https://github.com/freefeos/freefeos
https://github.com/MosetiObadiah/IPHUNTER
https://github.com/sbmatch/powersoundswitch
https://github.com/Uvneshkumar/MyAOD
https://github.com/theshoqanebi/simple-adb-wifi
https://github.com/wayuto/ChatBot
https://github.com/Mygod/reactmap-android
https://github.com/pascua28/underclocker

# Testing stuff / learning
https://github.com/lovelmxa/com.klqmz.test
https://github.com/MakeKittyC/AppCompat
https://github.com/MakeKittyC/ShizukuUesrService
https://github.com/it4ch1-007/AttackerAppJava
https://github.com/lz233/ShizukuClipboardDemo

# Insufficient documentation
https://github.com/frap129/Machina
https://github.com/ecosed/EcosedKit
https://github.com/EcosedApps/EcosedKit
https://github.com/libecosed/flutter_ecosed
https://github.com/zacharee/OverlayManager
https://github.com/virjarRatel/ratel-core
https://github.com/Mufanc/NoJump
https://github.com/fansangg/dex2oat
https://github.com/ASL-19/paskoocheh-android
https://github.com/sbmatch/uninstallBlackForUserApps
https://github.com/Lyxot/HyLi-Connect
https://github.com/keluokeda/Hs
https://github.com/Hicores/FunLogCatcher
https://github.com/ItosEO/OriginPlan
https://github.com/ZhuRuoLing/ProberAssistant
https://github.com/Huffmybird/Nh
https://github.com/Connorxxx/FuckColorApp
https://github.com/byzp/Genshin-Lyre-midi-player-server
https://github.com/ItosEO/XSamsung
https://github.com/printf172/majora-adr
https://github.com/zmide/HoleConsoleApp
https://github.com/MagicianGuo/Android-SettingTools
https://github.com/OlegPV2/MahjongClubBooster
https://github.com/Lorenzo-Guardabascio/Miohon-AT
https://github.com/bluesky139/chibiko

# Replaced by fork
https://github.com/iamr0s/InstallerX

# Requirements not met & other alternatives available
https://github.com/Tokyonth/ApkInstaller
https://github.com/WuDi-ZhanShen/ShizukuRunner
https://github.com/kzaemrio/ShizukuActivityManager
https://github.com/ryuunoakaihitomi/PowerKeyAction
https://github.com/xfl12345/DroidCloudSms
https://github.com/eswd04/freeform_update
https://github.com/TonyJiangWJ/Auto.js
https://github.com/DivyanshNagda/EliteGaming
https://github.com/Kr328/SysProxy
https://github.com/scto/Tiny-Installer
https://github.com/lisproj/mountain
https://github.com/yuan-shiguang/muxueanzhuangqi

# Archived, Deprecated, and Requirements not met
https://github.com/milkycandy/RotaenoUploader

# Xposed stuff
https://github.com/KuLiPai/LuaHook

# Other libraries
https://github.com/lucid-lynxz/ShizukuWrapper
https://github.com/nonameShijian/noname-shijian-android

# Demos/examples
https://github.com/Young-Lord/Multi-User-Applist-With-Shizuku
https://github.com/libecosed/ecosed_kit
https://github.com/xxinPro/AdbShellUtils
https://github.com/MagicianGuo/Android-FileExplorerDemo
https://github.com/KaranveerB/LogPounce
https://github.com/answer2/ShizukuFileUtil
https://github.com/LinerSRT/ShizukuSamples
https://github.com/huaweikai/DyImage
https://github.com/JoaoTrog1/shizuku-shell
https://github.com/ahnyungje/playkiller

# False positives
https://github.com/mzy-ly/GitHubTrendingRSS
https://github.com/moruklabs/dev-archive

# fully AI generated & not working or not useful
https://github.com/evinjohnn/cafetone
https://github.com/Slinky-86/IDE-for-everyone
https://github.com/Slinky-86/anyones-IDE-everyomes-IDE
https://github.com/Slinky-86/everyones-APPS
https://github.com/nildo157/freefire-aimbot-android
https://github.com/U1tData/my_favorite
https://github.com/Icetok/secure-sense

# Imports Shizuku, but does not make use of it (Recheck later)
https://github.com/MercuryWorkshop/ziptie
