# Low-quality, vibecoded and other alternatives exist already
https://github.com/mahmutaunal/DarkSwitch
https://github.com/jordelmir/Elysium-Vanguard-One-Tap-Boost
https://github.com/Alisuuu/Filex
https://github.com/oserv47-del/Raaz
https://github.com/SecretChilliZ/Shortcut.Circle.to.Search
https://github.com/AuthourAkson/AUAK_AGENTY
https://github.com/guvencan/AppBlocker
https://github.com/sypw233/AutoGLM4Android
https://github.com/rccce/ClipboardSync-Android
https://github.com/Longbatman09/DALE3
https://github.com/canuk40/ObsidianBackup
https://github.com/aleCatt/SpotiByeAds
https://github.com/wake0p/Xphone
https://github.com/Yizutt/Yizutt
https://github.com/kvitaliq-maker/disk-mapper-android
https://github.com/ashiyalice/oppo-cts
https://github.com/HL946067429/uninstallApp
https://github.com/appstorefr/PerfectDNSManager
https://github.com/tymwitko/Recents
https://github.com/itsmelissadev/SwiftSense
https://github.com/luanzzkribeirozzk-design/Bypass-dima
https://github.com/charlysaenzx2657-wq/turboX-booster
https://github.com/Warhorse76/Exorcist
https://github.com/Samantha-fd/Freezer
https://github.com/SelectXn00b/HermesApp
https://github.com/Developer-For-Git/MOD-STORE
https://github.com/AIXINJUELUOAI/Will-do
https://github.com/Noderrxyz/noderr-micronodes
https://github.com/biezhaowo1123/phoneAgent
https://github.com/zhangzheyuanviolin-ship-it/pocket-lobster-android
https://github.com/abhimaniu041-sudo/Pro-GFX
https://github.com/Thang1191/LifeUpCatcher
https://github.com/RinnXyz/Lithium
https://github.com/brill594/Locker
https://github.com/yinghuajimew/Nibnya
https://github.com/PharmabotEcosystem/GemCode

# Low-quality, vibecoded and not working or not useful
https://github.com/evinjohnn/cafetone
https://github.com/Slinky-86/IDE-for-everyone
https://github.com/Slinky-86/anyones-IDE-everyomes-IDE
https://github.https://github.com/ZUANVFX01/ZKMcom/Slinky-86/everyones-APPS
https://github.com/nildo157/freefire-aimbot-android
https://github.com/U1tData/my_favorite
https://github.com/Icetok/secure-sense
https://github.com/sayed2174/Deb-patcher-shuzuku-based-android-app
https://github.com/kAi-Xin-02/micswitch
https://github.com/Slinky-86/everyones-APPS
https://github.com/AuraFrameFxDev/A.u.r.a.k.a.i_ReGenesis
https://github.com/rohittp0/BluePair
https://github.com/JakeDot/jourwigo-android
https://github.com/Ling554/ForcePhoneMic
https://github.com/lukifer23/LocalDex
https://github.com/afayvisovich/mazda-control
https://github.com/obieda-hussien/OmniDev-Workspace
https://github.com/thejaustin/hexodus
https://github.com/amrabdelhameeed/gesture_is_back
