# Deprecated or archived
https://github.com/zxy19/cjluFree
https://github.com/tachiyomiorg/tachiyomi
https://github.com/Felitendo/FeloStore
https://github.com/weixiansen574/Genshin-Lyre-midi-player2
https://github.com/MRepoApp/MRepo
https://github.com/Shua-github/phi_attacker
https://github.com/D3SOX/Better-Network-Tiles-Libre
https://github.com/S0methingSomething/BitInstaller
https://github.com/depau/fdroid_shizuku_privileged_extension
https://github.com/DaDevMikey/quickeditapp
https://github.com/milkycandy/RotaenoUploader
https://github.com/pascua28/adhell3
https://github.com/wxxsfxyzm/PowerOptimizeEnabler
https://github.com/redsolver/skydroid
https://github.com/sameerasw/maps-min
https://github.com/zhaobozhen/Anywhere-
https://github.com/ryuunoakaihitomi/rebootmenu
https://github.com/ryuunoakaihitomi/PowerAct
https://github.com/wingio/Logra
https://github.com/youfeng11/SFS-CustomTranslations-Installer
https://github.com/xjunz/AutoSkip
https://github.com/superisuer/dumpsys-battery-manager
https://github.com/tkkcc/gamebot
https://github.com/RuYomi/rexfile-old-version
https://github.com/VRPirates/VRPQuest
https://github.com/defencedigital/enforced-app-repo
https://github.com/dvntone/wscanplus-deprecrated-
https://github.com/YasserNull/setbox
https://github.com/1250422131/bilibilias
https://github.com/zacharee/FabricateOverlay

# Succeeded by a fork
https://github.com/iamr0s/InstallerX
https://github.com/bunny-mod/BunnyManager
https://github.com/cherryhoax/GrooveLauncher

# Not updated in a long time and requirements not met
https://github.com/xjunz/AutoTask
https://github.com/RecodeLiner/SimTTPatch
https://github.com/ItosEO/XMeizu
https://github.com/ItosEO/XPlan
https://github.com/qwerty12/greentooth
https://github.com/maisymoe/pandora
https://github.com/hussam-alhassan/ripple-android
https://github.com/metalex201/shizuku4quest
https://github.com/aaronkh/xperia-camera-button
https://github.com/tam1012/ModularWhitelistApp
https://github.com/SgLy/KeyboardSwitcher
