# Insufficient / No proper application for Shizuku
https://github.com/Tornaco/Thanox
https://github.com/strangerweather/rootless_ui_mods
https://github.com/SagerNet/SagerNet
https://github.com/Young-Lord/hideRecent
https://github.com/dudu-Dev0/SuperToolBox
https://github.com/freefeos/freefeos
https://github.com/MosetiObadiah/IPHUNTER
https://github.com/sbmatch/powersoundswitch
https://github.com/Uvneshkumar/MyAOD
https://github.com/theshoqanebi/simple-adb-wifi
https://github.com/wayuto/ChatBot
https://github.com/Mygod/reactmap-android
https://github.com/pascua28/underclocker
https://github.com/earnerbaymalay/LibreSwitch
https://github.com/Ujhhgtg/PandorasBox
https://github.com/mustakim-init/bokbok
https://github.com/JANITH-DINUJAYA/zhex-mobile-application
https://github.com/Linkolnn/-Launcher
https://github.com/SYSU-Tang/Sysuer
https://github.com/huhuswei/ankihelper-plus
https://github.com/flxholle/ForensicEye
https://github.com/Samuel095383/LauncherChanger
https://github.com/1andrewprice6-jpg/android-pillar-stabilizer
https://github.com/dbrodie/give_me_wifi
https://github.com/NNdroid/Stun

# Insufficient documentation
https://github.com/frap129/Machina
https://github.com/ecosed/EcosedKit
https://github.com/EcosedApps/EcosedKit
https://github.com/libecosed/flutter_ecosed
https://github.com/zacharee/OverlayManager
https://github.com/virjarRatel/ratel-core
https://github.com/Mufanc/NoJump
https://github.com/fansangg/dex2oat
https://github.com/ASL-19/paskoocheh-android
https://github.com/sbmatch/uninstallBlackForUserApps
https://github.com/Lyxot/HyLi-Connect
https://github.com/keluokeda/Hs
https://github.com/Hicores/FunLogCatcher
https://github.com/ItosEO/OriginPlan
https://github.com/ZhuRuoLing/ProberAssistant
https://github.com/Huffmybird/Nh
https://github.com/Connorxxx/FuckColorApp
https://github.com/byzp/Genshin-Lyre-midi-player-server
https://github.com/ItosEO/XSamsung
https://github.com/printf172/majora-adr
https://github.com/zmide/HoleConsoleApp
https://github.com/MagicianGuo/Android-SettingTools
https://github.com/OlegPV2/MahjongClubBooster
https://github.com/Lorenzo-Guardabascio/Miohon-AT
https://github.com/bluesky139/chibiko
https://github.com/renzhidao/-sess_1760291856_92b0399c
https://github.com/chankruze/DhupaKathi
https://github.com/dhiiizt/Myflutter
https://github.com/javaeryang/NPatch
https://github.com/wreckage6716/safecleaner_projex
https://github.com/lza6/AirFileEditor
https://github.com/COLDESTBOW30654/Automatic-spark-renewal-APP
https://github.com/GloriousTR/OmniAPK
https://github.com/xksyu2021/MutiChannel-Alarm
https://github.com/power690/XiaoAn
https://github.com/khanh29204/unlock_fps_arena_of_valor
https://github.com/MagicianGuo/Android-AccessibilityGrant
https://github.com/ItosEO/VivoTools
https://github.com/ParadiseZ/autodaily
https://github.com/nai559/Accessibility-
https://github.com/anhquan7826/ControllerMapper
https://github.com/abusaeed-shuvo/File-Manager
https://github.com/lyr341/ShizukuRefresher
https://github.com/Rishcoden/Sih
https://github.com/lumkit/Tweak-Android
https://github.com/ngoloc2k4/physical_keyboard
https://github.com/Fansirsqi/sen
https://github.com/vmoeak/auto-ledger
https://github.com/Com-kt/ShizukuUesrService
https://github.com/RyanZhou416/ClipBridge
https://github.com/xieerfan/DeadHand-
https://github.com/Shakti-coding/FileVaultPro
https://github.com/xXYxxdMC-GH/Hoshimager
https://github.com/ZJDqtjs/Know_You
https://github.com/hmode22222/ShizukuTerminal
https://github.com/freude916/autoscroll
https://github.com/Axel9813/dji-in-vjoi
https://github.com/Teri1111/fenbihelper
https://github.com/elkegacoran/iniespgwjir
https://github.com/wunengweili/workflow
https://github.com/ZyoungInc/Sunshine-android
https://github.com/mikepty/QABlackBox
https://github.com/SelectXn00b/AndroidForClaw
https://github.com/badnng/Hyper-pick-up-code
https://github.com/mim1012/TwinMe
https://github.com/king0929zion/ZionCh
