# Too many equivalent alternatives
https://github.com/sunilpaulmathew/AppVaultX
https://github.com/Dev97633/Debloater-next
https://github.com/JuneLeo/FreezeApp
https://github.com/thekosa/LogCollector
https://github.com/vertigo0628/fileHunter
https://github.com/nikescar/uad-shizuku
https://github.com/sidhu-master/AndroidAutoGLM
https://github.com/Zhou-Shilin/Aether
https://github.com/thebytearray/OpenLoader
https://github.com/pricky777/VPNOnOff
https://github.com/khanCorporation/VInstall

# Many IAP or Ad-Free alternatives available
https://github.com/Kin69/Athena

# Requirements not met & other alternatives available
https://github.com/Tokyonth/ApkInstaller
https://github.com/WuDi-ZhanShen/ShizukuRunner
https://github.com/kzaemrio/ShizukuActivityManager
https://github.com/ryuunoakaihitomi/PowerKeyAction
https://github.com/xfl12345/DroidCloudSms
https://github.com/eswd04/freeform_update
https://github.com/TonyJiangWJ/Auto.js
https://github.com/DivyanshNagda/EliteGaming
https://github.com/Kr328/SysProxy
https://github.com/scto/Tiny-Installer
https://github.com/lisproj/mountain
https://github.com/projecteah/mountain
https://github.com/yuan-shiguang/muxueanzhuangqi
https://github.com/woliver99/open-automate
https://github.com/catsmoker/com.catsmoker.app
https://github.com/hashim47j/signal-switch
https://github.com/wkbin/VeryDark
https://github.com/paymenremora/PackageInstaller
https://github.com/albertcamus344/Doubletap-to-lock
https://github.com/Ruyomi/RexFile
https://github.com/hzoltan01/SerWall
https://github.com/danhtrinhdevelopermay/XiaoBost
https://github.com/LiuJiewenTT/CBJQ_HugFenny
https://github.com/sbmatch/DeviceOptimizeHelper
https://github.com/Ruyue-Kinsenka/FlymeFrameTools
https://github.com/HNIdesu/TimerAndroid
https://github.com/varunbala2237/gametuner
https://github.com/SwastikChamp2/AudioControlApp
https://github.com/ZG0704666/Aries-AI
https://github.com/king0929zion/Pikaso-AI
https://github.com/Catdiegovdl5/TURBO-CORE-ANDROID
https://github.com/king0929zion/ZionChat
https://github.com/king0929zion/ZionChat-X
https://github.com/LozanoTH/aadb-manager
https://github.com/yyzx2016lht/flipaccounting-ai
https://github.com/TapirHeron/mobile-LLM-app
https://github.com/yiling-org/opengui-android
https://github.com/SerZhyAle/AndroidFoldeerExplorer
https://github.com/kymjs/Custard
https://github.com/murilopedrosasena-byte/MBOOSTER
https://github.com/mkmk749278/My-Freeze-apps-android-app
https://github.com/rjkyker383-gif/My-app
https://github.com/nishichengju/NeoDeskPet
https://github.com/delmsyap/ShizukuRunner
https://github.com/kenovanken-a11y/resolution-tools
https://github.com/AWDX-DYVB/-v-
https://github.com/soumithganji/AutoPilotAI
https://github.com/zhengzaihong/DroidLock
https://github.com/kerojohan/ZontesZoom
https://github.com/S-Marcos-S/Hz-Changer
https://github.com/iamr0s/Ruto-GLM
https://github.com/Ahnuf-Karim-Chowdhury/Aero-Task-Manager
https://github.com/sleepysoong/air-bridge
https://github.com/wayansuardyana-code/android-openclaw-native
https://github.com/rafaelhschuh/aot-optmizer-compilator
https://github.com/raikiripov21-debug/GameModeAI
https://github.com/ejndsnkdod/Whisper
https://github.com/dah215/Boost-AND
