# Testing stuff / learning / investigation
https://github.com/lovelmxa/com.klqmz.test
https://github.com/MakeKittyC/AppCompat
https://github.com/MakeKittyC/ShizukuUesrService
https://github.com/it4ch1-007/AttackerAppJava
https://github.com/lz233/ShizukuClipboardDemo
https://github.com/dhiiizt/Myflutter
https://github.com/StreetwiseGamgee/Streetwise-Toolbox
https://github.com/bobaoapae/haval-app-tool-multimidia
https://github.com/UWillno/UWS
https://github.com/niki914/cmd-android
https://github.com/tangguiyuan/A2Auth
https://github.com/ItosEO/Reverse_KBattery
https://github.com/keshu12/MyApplication5
https://github.com/ilamparithi-in/lenovo-pen-plus-debug
https://github.com/njdldkl666699/ADB-Test
https://github.com/BlueControler/ADB-Test
https://github.com/alexA81549300/demo

# Demos/examples
https://github.com/Young-Lord/Multi-User-Applist-With-Shizuku
https://github.com/libecosed/ecosed_kit
https://github.com/xxinPro/AdbShellUtils
https://github.com/MagicianGuo/Android-FileExplorerDemo
https://github.com/KaranveerB/LogPounce
https://github.com/answer2/ShizukuFileUtil
https://github.com/LinerSRT/ShizukuSamples
https://github.com/huaweikai/DyImage
https://github.com/JoaoTrog1/shizuku-shell
https://github.com/ahnyungje/playkiller
https://github.com/expliyh/BluetoothTester
https://github.com/huidoudour/Installer
